// Jest Snapshot v1, https://goo.gl/fbAQLP

exports[`Button renders a basic Button 1`] = `
<body>
  <div>
    <input
      type="checkbox"
    />
  </div>
</body>
`;
